待翻译: 1105 条 (样本=0, 限制=0)
共 111 批, 并发 6
进度 10/1105 | 输入 1329 tok | 输出 921 tok | 费用 ¥0.0032 | 5s
进度 20/1105 | 输入 2599 tok | 输出 1803 tok | 费用 ¥0.0062 | 5s
进度 30/1105 | 输入 3889 tok | 输出 2729 tok | 费用 ¥0.0093 | 6s
进度 40/1105 | 输入 5455 tok | 输出 3903 tok | 费用 ¥0.0133 | 7s
进度 50/1105 | 输入 7082 tok | 输出 5143 tok | 费用 ¥0.0174 | 8s
进度 60/1105 | 输入 8168 tok | 输出 5910 tok | 费用 ¥0.0200 | 10s
进度 70/1105 | 输入 10624 tok | 输出 7893 tok | 费用 ¥0.0264 | 11s
进度 80/1105 | 输入 11873 tok | 输出 8794 tok | 费用 ¥0.0295 | 11s
进度 90/1105 | 输入 13694 tok | 输出 10195 tok | 费用 ¥0.0341 | 12s
进度 100/1105 | 输入 15209 tok | 输出 11368 tok | 费用 ¥0.0379 | 13s
进度 110/1105 | 输入 16060 tok | 输出 11910 tok | 费用 ¥0.0399 | 15s
进度 120/1105 | 输入 17984 tok | 输出 13421 tok | 费用 ¥0.0448 | 16s
进度 130/1105 | 输入 19385 tok | 输出 14467 tok | 费用 ¥0.0483 | 18s
进度 140/1105 | 输入 22309 tok | 输出 16884 tok | 费用 ¥0.0561 | 22s
进度 150/1105 | 输入 25219 tok | 输出 19278 tok | 费用 ¥0.0638 | 23s
进度 160/1105 | 输入 26430 tok | 输出 20140 tok | 费用 ¥0.0667 | 23s
进度 170/1105 | 输入 28459 tok | 输出 21733 tok | 费用 ¥0.0719 | 24s
进度 180/1105 | 输入 31150 tok | 输出 23920 tok | 费用 ¥0.0790 | 24s
进度 190/1105 | 输入 32351 tok | 输出 24825 tok | 费用 ¥0.0820 | 28s
进度 200/1105 | 输入 33282 tok | 输出 25476 tok | 费用 ¥0.0842 | 28s
进度 210/1105 | 输入 34481 tok | 输出 26350 tok | 费用 ¥0.0872 | 28s
进度 220/1105 | 输入 35749 tok | 输出 27303 tok | 费用 ¥0.0904 | 29s
进度 230/1105 | 输入 36751 tok | 输出 27988 tok | 费用 ¥0.0927 | 33s
进度 240/1105 | 输入 40503 tok | 输出 31363 tok | 费用 ¥0.1032 | 33s
进度 250/1105 | 输入 41463 tok | 输出 32006 tok | 费用 ¥0.1055 | 33s
进度 260/1105 | 输入 42689 tok | 输出 32893 tok | 费用 ¥0.1085 | 34s
进度 270/1105 | 输入 46077 tok | 输出 35891 tok | 费用 ¥0.1179 | 38s
进度 280/1105 | 输入 47427 tok | 输出 36881 tok | 费用 ¥0.1212 | 39s
进度 290/1105 | 输入 48664 tok | 输出 37761 tok | 费用 ¥0.1242 | 39s
进度 300/1105 | 输入 50151 tok | 输出 38880 tok | 费用 ¥0.1279 | 39s
进度 310/1105 | 输入 51463 tok | 输出 39876 tok | 费用 ¥0.1312 | 40s
进度 320/1105 | 输入 52645 tok | 输出 40738 tok | 费用 ¥0.1341 | 43s
进度 330/1105 | 输入 56230 tok | 输出 43956 tok | 费用 ¥0.1441 | 44s
进度 340/1105 | 输入 57475 tok | 输出 44866 tok | 费用 ¥0.1472 | 44s
进度 350/1105 | 输入 58595 tok | 输出 45670 tok | 费用 ¥0.1499 | 45s
进度 360/1105 | 输入 59671 tok | 输出 46404 tok | 费用 ¥0.1525 | 45s
进度 370/1105 | 输入 61045 tok | 输出 47455 tok | 费用 ¥0.1560 | 45s
进度 380/1105 | 输入 62311 tok | 输出 48356 tok | 费用 ¥0.1590 | 50s
进度 390/1105 | 输入 64084 tok | 输出 49778 tok | 费用 ¥0.1636 | 51s
进度 400/1105 | 输入 66596 tok | 输出 51898 tok | 费用 ¥0.1704 | 56s
进度 410/1105 | 输入 69485 tok | 输出 54267 tok | 费用 ¥0.1780 | 57s
进度 420/1105 | 输入 72363 tok | 输出 56733 tok | 费用 ¥0.1858 | 57s
进度 430/1105 | 输入 74001 tok | 输出 57970 tok | 费用 ¥0.1899 | 57s
进度 440/1105 | 输入 75476 tok | 输出 59071 tok | 费用 ¥0.1936 | 58s
进度 450/1105 | 输入 76472 tok | 输出 59715 tok | 费用 ¥0.1959 | 61s
进度 460/1105 | 输入 77462 tok | 输出 60357 tok | 费用 ¥0.1982 | 62s
进度 470/1105 | 输入 78616 tok | 输出 61163 tok | 费用 ¥0.2009 | 62s
  批次失败(第1次, 深度0): 返回条数 16 != 请求 10 | 原始: '{"results": [{"id": 28506, "content_zh": "SetupInstallFromInfSection 函数执行 INF 文件 Install 节中的所有指令。(ANSI)"}, {"id": 28; 1s 后重试
进度 480/1105 | 输入 80022 tok | 输出 62183 tok | 费用 ¥0.2044 | 64s
进度 490/1105 | 输入 82090 tok | 输出 63794 tok | 费用 ¥0.2097 | 67s
进度 500/1105 | 输入 83591 tok | 输出 64886 tok | 费用 ¥0.2134 | 68s
进度 510/1105 | 输入 85066 tok | 输出 66032 tok | 费用 ¥0.2171 | 69s
进度 520/1105 | 输入 86646 tok | 输出 67212 tok | 费用 ¥0.2211 | 71s
进度 530/1105 | 输入 87688 tok | 输出 67943 tok | 费用 ¥0.2236 | 71s
进度 540/1105 | 输入 90125 tok | 输出 69895 tok | 费用 ¥0.2299 | 73s
进度 550/1105 | 输入 91343 tok | 输出 70756 tok | 费用 ¥0.2329 | 74s
进度 560/1105 | 输入 92720 tok | 输出 71773 tok | 费用 ¥0.2363 | 77s
进度 570/1105 | 输入 94649 tok | 输出 73301 tok | 费用 ¥0.2413 | 78s
进度 580/1105 | 输入 102302 tok | 输出 80011 tok | 费用 ¥0.2623 | 80s
进度 590/1105 | 输入 104000 tok | 输出 81357 tok | 费用 ¥0.2667 | 81s
进度 600/1105 | 输入 106180 tok | 输出 83188 tok | 费用 ¥0.2726 | 81s
进度 610/1105 | 输入 107700 tok | 输出 84335 tok | 费用 ¥0.2764 | 84s
进度 620/1105 | 输入 110090 tok | 输出 86272 tok | 费用 ¥0.2826 | 85s
进度 630/1105 | 输入 111745 tok | 输出 87531 tok | 费用 ¥0.2868 | 85s
进度 640/1105 | 输入 113398 tok | 输出 88768 tok | 费用 ¥0.2909 | 87s
进度 650/1105 | 输入 115377 tok | 输出 90306 tok | 费用 ¥0.2960 | 90s
进度 660/1105 | 输入 116776 tok | 输出 91288 tok | 费用 ¥0.2994 | 91s
进度 670/1105 | 输入 118247 tok | 输出 92387 tok | 费用 ¥0.3030 | 92s
进度 680/1105 | 输入 119550 tok | 输出 93309 tok | 费用 ¥0.3062 | 92s
进度 690/1105 | 输入 122466 tok | 输出 95705 tok | 费用 ¥0.3139 | 94s
进度 700/1105 | 输入 123742 tok | 输出 96615 tok | 费用 ¥0.3170 | 97s
进度 710/1105 | 输入 125571 tok | 输出 98039 tok | 费用 ¥0.3216 | 97s
进度 720/1105 | 输入 127417 tok | 输出 99505 tok | 费用 ¥0.3264 | 100s
进度 730/1105 | 输入 128925 tok | 输出 100669 tok | 费用 ¥0.3303 | 100s
进度 740/1105 | 输入 132737 tok | 输出 103844 tok | 费用 ¥0.3404 | 100s
进度 750/1105 | 输入 134456 tok | 输出 105176 tok | 费用 ¥0.3448 | 101s
进度 760/1105 | 输入 135964 tok | 输出 106319 tok | 费用 ¥0.3486 | 104s
进度 770/1105 | 输入 137870 tok | 输出 107809 tok | 费用 ¥0.3535 | 105s
进度 780/1105 | 输入 139271 tok | 输出 108870 tok | 费用 ¥0.3570 | 106s
进度 790/1105 | 输入 141065 tok | 输出 110303 tok | 费用 ¥0.3617 | 107s
进度 800/1105 | 输入 142405 tok | 输出 111287 tok | 费用 ¥0.3650 | 108s
进度 810/1105 | 输入 144635 tok | 输出 113147 tok | 费用 ¥0.3709 | 110s
进度 820/1105 | 输入 146205 tok | 输出 114319 tok | 费用 ¥0.3748 | 111s
进度 830/1105 | 输入 148434 tok | 输出 116053 tok | 费用 ¥0.3805 | 115s
进度 840/1105 | 输入 150490 tok | 输出 117640 tok | 费用 ¥0.3858 | 115s
进度 850/1105 | 输入 152933 tok | 输出 119660 tok | 费用 ¥0.3923 | 118s
进度 860/1105 | 输入 154904 tok | 输出 121250 tok | 费用 ¥0.3974 | 120s
进度 870/1105 | 输入 157904 tok | 输出 123785 tok | 费用 ¥0.4055 | 120s
进度 880/1105 | 输入 159520 tok | 输出 125009 tok | 费用 ¥0.4095 | 123s
进度 890/1105 | 输入 161099 tok | 输出 126220 tok | 费用 ¥0.4135 | 124s
进度 900/1105 | 输入 162320 tok | 输出 127091 tok | 费用 ¥0.4165 | 125s
进度 910/1105 | 输入 164785 tok | 输出 129186 tok | 费用 ¥0.4232 | 126s
进度 920/1105 | 输入 168394 tok | 输出 132236 tok | 费用 ¥0.4329 | 126s
进度 930/1105 | 输入 170088 tok | 输出 133524 tok | 费用 ¥0.4371 | 127s
进度 940/1105 | 输入 171347 tok | 输出 134428 tok | 费用 ¥0.4402 | 128s
进度 950/1105 | 输入 172517 tok | 输出 135271 tok | 费用 ¥0.4431 | 131s
进度 960/1105 | 输入 173941 tok | 输出 136341 tok | 费用 ¥0.4466 | 131s
进度 970/1105 | 输入 175454 tok | 输出 137492 tok | 费用 ¥0.4504 | 132s
进度 980/1105 | 输入 176733 tok | 输出 138414 tok | 费用 ¥0.4536 | 132s
进度 990/1105 | 输入 178120 tok | 输出 139421 tok | 费用 ¥0.4570 | 135s
进度 1000/1105 | 输入 180150 tok | 输出 141079 tok | 费用 ¥0.4623 | 136s
进度 1010/1105 | 输入 181459 tok | 输出 142028 tok | 费用 ¥0.4655 | 136s
进度 1020/1105 | 输入 182715 tok | 输出 142889 tok | 费用 ¥0.4685 | 137s
进度 1030/1105 | 输入 183936 tok | 输出 143752 tok | 费用 ¥0.4714 | 137s
进度 1040/1105 | 输入 185216 tok | 输出 144690 tok | 费用 ¥0.4746 | 138s
进度 1050/1105 | 输入 186079 tok | 输出 145229 tok | 费用 ¥0.4765 | 139s
进度 1060/1105 | 输入 187167 tok | 输出 145972 tok | 费用 ¥0.4791 | 142s
进度 1065/1105 | 输入 187946 tok | 输出 146471 tok | 费用 ¥0.4809 | 145s
进度 1075/1105 | 输入 190034 tok | 输出 148213 tok | 费用 ¥0.4865 | 146s
进度 1085/1105 | 输入 192007 tok | 输出 149776 tok | 费用 ¥0.4916 | 147s
进度 1095/1105 | 输入 194235 tok | 输出 151558 tok | 费用 ¥0.4974 | 147s
进度 1105/1105 | 输入 197144 tok | 输出 153938 tok | 费用 ¥0.5050 | 148s
============================================================
完成: 1105 条
思考模式出现次数: 0 (应为 0)
输入 token: 197144 | 输出 token: 153938
费用估算: ¥0.5050
