从索引缓存读取（index_cache.tsv）
清单：共 17148 个 API
筛选后待处理：1025 个
[跳过] utf8_nextCharSafeBody：Learn 索引中未找到
[跳过] utf8_appendCharSafeBody：Learn 索引中未找到
[跳过] utf8_prevCharSafeBody：Learn 索引中未找到
[跳过] utf8_back1SafeBody：Learn 索引中未找到
[跳过] u_versionFromString：Learn 索引中未找到
[跳过] u_versionFromUString：Learn 索引中未找到
[跳过] u_versionToString：Learn 索引中未找到
[跳过] u_getVersion：Learn 索引中未找到
[跳过] u_errorName：Learn 索引中未找到
[跳过] utrace_setLevel：Learn 索引中未找到
[跳过] utrace_getLevel：Learn 索引中未找到
[跳过] utrace_setFunctions：Learn 索引中未找到
[跳过] utrace_getFunctions：Learn 索引中未找到
[跳过] utrace_vformat：Learn 索引中未找到
[跳过] utrace_format：Learn 索引中未找到
[跳过] utrace_functionName：Learn 索引中未找到
[跳过] u_shapeArabic：Learn 索引中未找到
[跳过] uscript_getCode：Learn 索引中未找到
[跳过] uscript_getName：Learn 索引中未找到
[跳过] uscript_getShortName：Learn 索引中未找到
[跳过] uscript_getScript：Learn 索引中未找到
[跳过] uscript_hasScript：Learn 索引中未找到
[跳过] uscript_getScriptExtensions：Learn 索引中未找到
[跳过] uscript_getSampleString：Learn 索引中未找到
[跳过] uscript_getUsage：Learn 索引中未找到
[跳过] uscript_isRightToLeft：Learn 索引中未找到
[跳过] uscript_breaksBetweenLetters：Learn 索引中未找到
[跳过] uscript_isCased：Learn 索引中未找到
[跳过] uiter_current32：Learn 索引中未找到
[跳过] uiter_next32：Learn 索引中未找到
[跳过] uiter_previous32：Learn 索引中未找到
[跳过] uiter_getState：Learn 索引中未找到
[跳过] uiter_setState：Learn 索引中未找到
[跳过] uiter_setString：Learn 索引中未找到
[跳过] uiter_setUTF16BE：Learn 索引中未找到
[跳过] uiter_setUTF8：Learn 索引中未找到
[跳过] uenum_close：Learn 索引中未找到
[跳过] uenum_count：Learn 索引中未找到
[跳过] uenum_unext：Learn 索引中未找到
[跳过] uenum_next：Learn 索引中未找到
[跳过] uenum_reset：Learn 索引中未找到
[跳过] uenum_openUCharStringsEnumeration：Learn 索引中未找到
[跳过] uenum_openCharStringsEnumeration：Learn 索引中未找到
[跳过] uloc_getDefault：Learn 索引中未找到
[跳过] uloc_setDefault：Learn 索引中未找到
[跳过] uloc_getLanguage：Learn 索引中未找到
[跳过] uloc_getScript：Learn 索引中未找到
[跳过] uloc_getCountry：Learn 索引中未找到
[跳过] uloc_getVariant：Learn 索引中未找到
[跳过] uloc_getName：Learn 索引中未找到
[跳过] uloc_canonicalize：Learn 索引中未找到
[跳过] uloc_getISO3Language：Learn 索引中未找到
[跳过] uloc_getISO3Country：Learn 索引中未找到
[跳过] uloc_getLCID：Learn 索引中未找到
[跳过] uloc_getDisplayLanguage：Learn 索引中未找到
[跳过] uloc_getDisplayScript：Learn 索引中未找到
[跳过] uloc_getDisplayCountry：Learn 索引中未找到
[跳过] uloc_getDisplayVariant：Learn 索引中未找到
[跳过] uloc_getDisplayKeyword：Learn 索引中未找到
[跳过] uloc_getDisplayKeywordValue：Learn 索引中未找到
[跳过] uloc_getDisplayName：Learn 索引中未找到
[跳过] uloc_getAvailable：Learn 索引中未找到
[跳过] uloc_countAvailable：Learn 索引中未找到
[跳过] uloc_openAvailableByType：Learn 索引中未找到
[跳过] uloc_getISOLanguages：Learn 索引中未找到
[跳过] uloc_getISOCountries：Learn 索引中未找到
[跳过] uloc_getParent：Learn 索引中未找到
[跳过] uloc_getBaseName：Learn 索引中未找到
[跳过] uloc_openKeywords：Learn 索引中未找到
[跳过] uloc_getKeywordValue：Learn 索引中未找到
[跳过] uloc_setKeywordValue：Learn 索引中未找到
[跳过] uloc_isRightToLeft：Learn 索引中未找到
[跳过] uloc_getCharacterOrientation：Learn 索引中未找到
[跳过] uloc_getLineOrientation：Learn 索引中未找到
[跳过] uloc_acceptLanguageFromHTTP：Learn 索引中未找到
[跳过] uloc_acceptLanguage：Learn 索引中未找到
[跳过] uloc_getLocaleForLCID：Learn 索引中未找到
[跳过] uloc_addLikelySubtags：Learn 索引中未找到
[跳过] uloc_minimizeSubtags：Learn 索引中未找到
[跳过] uloc_forLanguageTag：Learn 索引中未找到
[跳过] uloc_toLanguageTag：Learn 索引中未找到
[跳过] uloc_toUnicodeLocaleKey：Learn 索引中未找到
[跳过] uloc_toUnicodeLocaleType：Learn 索引中未找到
[跳过] uloc_toLegacyKey：Learn 索引中未找到
[跳过] uloc_toLegacyType：Learn 索引中未找到
[跳过] ures_open：Learn 索引中未找到
[跳过] ures_openDirect：Learn 索引中未找到
[跳过] ures_openU：Learn 索引中未找到
[跳过] ures_close：Learn 索引中未找到
[跳过] ures_getVersion：Learn 索引中未找到
[跳过] ures_getLocaleByType：Learn 索引中未找到
[跳过] ures_getString：Learn 索引中未找到
[跳过] ures_getUTF8String：Learn 索引中未找到
[跳过] ures_getBinary：Learn 索引中未找到
[跳过] ures_getIntVector：Learn 索引中未找到
[跳过] ures_getUInt：Learn 索引中未找到
[跳过] ures_getInt：Learn 索引中未找到
[跳过] ures_getSize：Learn 索引中未找到
[跳过] ures_getType：Learn 索引中未找到
[跳过] ures_getKey：Learn 索引中未找到
[跳过] ures_resetIterator：Learn 索引中未找到
[跳过] ures_hasNext：Learn 索引中未找到
[跳过] ures_getNextResource：Learn 索引中未找到
[跳过] ures_getNextString：Learn 索引中未找到
[跳过] ures_getByIndex：Learn 索引中未找到
[跳过] ures_getStringByIndex：Learn 索引中未找到
[跳过] ures_getUTF8StringByIndex：Learn 索引中未找到
[跳过] ures_getByKey：Learn 索引中未找到
[跳过] ures_getStringByKey：Learn 索引中未找到
[跳过] ures_getUTF8StringByKey：Learn 索引中未找到
[跳过] ures_openAvailableLocales：Learn 索引中未找到
[跳过] uldn_open：Learn 索引中未找到
[跳过] uldn_close：Learn 索引中未找到
[跳过] uldn_getLocale：Learn 索引中未找到
[跳过] uldn_getDialectHandling：Learn 索引中未找到
[跳过] uldn_localeDisplayName：Learn 索引中未找到
[跳过] uldn_languageDisplayName：Learn 索引中未找到
[跳过] uldn_scriptDisplayName：Learn 索引中未找到
[跳过] uldn_scriptCodeDisplayName：Learn 索引中未找到
[跳过] uldn_regionDisplayName：Learn 索引中未找到
[跳过] uldn_variantDisplayName：Learn 索引中未找到
[跳过] uldn_keyDisplayName：Learn 索引中未找到
[跳过] uldn_keyValueDisplayName：Learn 索引中未找到
[跳过] uldn_openForContext：Learn 索引中未找到
[跳过] uldn_getContext：Learn 索引中未找到
[跳过] ucurr_forLocale：Learn 索引中未找到
[跳过] ucurr_register：Learn 索引中未找到
[跳过] ucurr_unregister：Learn 索引中未找到
[跳过] ucurr_getName：Learn 索引中未找到
[跳过] ucurr_getPluralName：Learn 索引中未找到
[跳过] ucurr_getDefaultFractionDigits：Learn 索引中未找到
[跳过] ucurr_getDefaultFractionDigitsForUsage：Learn 索引中未找到
[跳过] ucurr_getRoundingIncrement：Learn 索引中未找到
[跳过] ucurr_getRoundingIncrementForUsage：Learn 索引中未找到
[跳过] ucurr_openISOCurrencies：Learn 索引中未找到
[跳过] ucurr_isAvailable：Learn 索引中未找到
[跳过] ucurr_countCurrencies：Learn 索引中未找到
[跳过] ucurr_forLocaleAndDate：Learn 索引中未找到
[跳过] ucurr_getKeywordValuesForLocale：Learn 索引中未找到
[跳过] ucurr_getNumericCode：Learn 索引中未找到
[跳过] ucpmap_get：Learn 索引中未找到
[跳过] ucpmap_getRange：Learn 索引中未找到
[跳过] ucptrie_openFromBinary：Learn 索引中未找到
[跳过] ucptrie_close：Learn 索引中未找到
[跳过] ucptrie_getType：Learn 索引中未找到
[跳过] ucptrie_getValueWidth：Learn 索引中未找到
[跳过] ucptrie_get：Learn 索引中未找到
[跳过] ucptrie_getRange：Learn 索引中未找到
[跳过] ucptrie_toBinary：Learn 索引中未找到
[跳过] ucptrie_internalSmallIndex：Learn 索引中未找到
[跳过] ucptrie_internalSmallU8Index：Learn 索引中未找到
[跳过] ucptrie_internalU8PrevIndex：Learn 索引中未找到
[跳过] umutablecptrie_open：Learn 索引中未找到
[跳过] umutablecptrie_clone：Learn 索引中未找到
[跳过] umutablecptrie_close：Learn 索引中未找到
[跳过] umutablecptrie_fromUCPMap：Learn 索引中未找到
[跳过] umutablecptrie_fromUCPTrie：Learn 索引中未找到
[跳过] umutablecptrie_get：Learn 索引中未找到
[跳过] umutablecptrie_getRange：Learn 索引中未找到
[跳过] umutablecptrie_set：Learn 索引中未找到
[跳过] umutablecptrie_setRange：Learn 索引中未找到
[跳过] umutablecptrie_buildImmutable：Learn 索引中未找到
[跳过] UCNV_FROM_U_CALLBACK_STOP：Learn 索引中未找到
[跳过] UCNV_TO_U_CALLBACK_STOP：Learn 索引中未找到
[跳过] UCNV_FROM_U_CALLBACK_SKIP：Learn 索引中未找到
[跳过] UCNV_FROM_U_CALLBACK_SUBSTITUTE：Learn 索引中未找到
[跳过] UCNV_FROM_U_CALLBACK_ESCAPE：Learn 索引中未找到
[跳过] UCNV_TO_U_CALLBACK_SKIP：Learn 索引中未找到
[跳过] UCNV_TO_U_CALLBACK_SUBSTITUTE：Learn 索引中未找到
[跳过] UCNV_TO_U_CALLBACK_ESCAPE：Learn 索引中未找到
[跳过] ucnv_compareNames：Learn 索引中未找到
[跳过] ucnv_open：Learn 索引中未找到
[跳过] ucnv_openU：Learn 索引中未找到
[跳过] ucnv_openCCSID：Learn 索引中未找到
[跳过] ucnv_openPackage：Learn 索引中未找到
[跳过] ucnv_safeClone：Learn 索引中未找到
[跳过] ucnv_close：Learn 索引中未找到
[跳过] ucnv_getSubstChars：Learn 索引中未找到
[跳过] ucnv_setSubstChars：Learn 索引中未找到
[跳过] ucnv_setSubstString：Learn 索引中未找到
[跳过] ucnv_getInvalidChars：Learn 索引中未找到
[跳过] ucnv_getInvalidUChars：Learn 索引中未找到
[跳过] ucnv_reset：Learn 索引中未找到
[跳过] ucnv_resetToUnicode：Learn 索引中未找到
[跳过] ucnv_resetFromUnicode：Learn 索引中未找到
[跳过] ucnv_getMaxCharSize：Learn 索引中未找到
[跳过] ucnv_getMinCharSize：Learn 索引中未找到
[跳过] ucnv_getDisplayName：Learn 索引中未找到
[跳过] ucnv_getName：Learn 索引中未找到
[跳过] ucnv_getCCSID：Learn 索引中未找到
[跳过] ucnv_getPlatform：Learn 索引中未找到
[跳过] ucnv_getType：Learn 索引中未找到
[跳过] ucnv_getStarters：Learn 索引中未找到
[跳过] ucnv_getUnicodeSet：Learn 索引中未找到
[跳过] ucnv_getToUCallBack：Learn 索引中未找到
[跳过] ucnv_getFromUCallBack：Learn 索引中未找到
[跳过] ucnv_setToUCallBack：Learn 索引中未找到
[跳过] ucnv_setFromUCallBack：Learn 索引中未找到
[跳过] ucnv_fromUnicode：Learn 索引中未找到
[跳过] ucnv_toUnicode：Learn 索引中未找到
[跳过] ucnv_fromUChars：Learn 索引中未找到
[跳过] ucnv_toUChars：Learn 索引中未找到
[跳过] ucnv_getNextUChar：Learn 索引中未找到
[跳过] ucnv_convertEx：Learn 索引中未找到
[跳过] ucnv_convert：Learn 索引中未找到
[跳过] ucnv_toAlgorithmic：Learn 索引中未找到
[跳过] ucnv_fromAlgorithmic：Learn 索引中未找到
[跳过] ucnv_flushCache：Learn 索引中未找到
[跳过] ucnv_countAvailable：Learn 索引中未找到
[跳过] ucnv_getAvailableName：Learn 索引中未找到
[跳过] ucnv_openAllNames：Learn 索引中未找到
[跳过] ucnv_countAliases：Learn 索引中未找到
[跳过] ucnv_getAlias：Learn 索引中未找到
[跳过] ucnv_getAliases：Learn 索引中未找到
[跳过] ucnv_openStandardNames：Learn 索引中未找到
[跳过] ucnv_countStandards：Learn 索引中未找到
[跳过] ucnv_getStandard：Learn 索引中未找到
[跳过] ucnv_getStandardName：Learn 索引中未找到
[跳过] ucnv_getCanonicalName：Learn 索引中未找到
[跳过] ucnv_getDefaultName：Learn 索引中未找到
[跳过] ucnv_setDefaultName：Learn 索引中未找到
[跳过] ucnv_fixFileSeparator：Learn 索引中未找到
[跳过] ucnv_isAmbiguous：Learn 索引中未找到
[跳过] ucnv_setFallback：Learn 索引中未找到
[跳过] ucnv_usesFallback：Learn 索引中未找到
[跳过] ucnv_detectUnicodeSignature：Learn 索引中未找到
[跳过] ucnv_fromUCountPending：Learn 索引中未找到
[跳过] ucnv_toUCountPending：Learn 索引中未找到
[跳过] ucnv_isFixedWidth：Learn 索引中未找到
[跳过] ucnv_cbFromUWriteBytes：Learn 索引中未找到
[跳过] ucnv_cbFromUWriteSub：Learn 索引中未找到
[跳过] ucnv_cbFromUWriteUChars：Learn 索引中未找到
[跳过] ucnv_cbToUWriteUChars：Learn 索引中未找到
[跳过] ucnv_cbToUWriteSub：Learn 索引中未找到
[跳过] u_init：Learn 索引中未找到
[跳过] u_cleanup：Learn 索引中未找到
[跳过] u_setMemoryFunctions：Learn 索引中未找到
[跳过] u_catopen：Learn 索引中未找到
[跳过] u_catclose：Learn 索引中未找到
[跳过] u_catgets：Learn 索引中未找到
[跳过] u_hasBinaryProperty：Learn 索引中未找到
[跳过] u_getBinaryPropertySet：Learn 索引中未找到
[跳过] u_isUAlphabetic：Learn 索引中未找到
[跳过] u_isULowercase：Learn 索引中未找到
[跳过] u_isUUppercase：Learn 索引中未找到
[跳过] u_isUWhiteSpace：Learn 索引中未找到
[跳过] u_getIntPropertyValue：Learn 索引中未找到
[跳过] u_getIntPropertyMinValue：Learn 索引中未找到
[跳过] u_getIntPropertyMaxValue：Learn 索引中未找到
[跳过] u_getIntPropertyMap：Learn 索引中未找到
[跳过] u_getNumericValue：Learn 索引中未找到
[跳过] u_islower：Learn 索引中未找到
[跳过] u_isupper：Learn 索引中未找到
[跳过] u_istitle：Learn 索引中未找到
[跳过] u_isdigit：Learn 索引中未找到
[跳过] u_isalpha：Learn 索引中未找到
[跳过] u_isalnum：Learn 索引中未找到
[跳过] u_isxdigit：Learn 索引中未找到
[跳过] u_ispunct：Learn 索引中未找到
[跳过] u_isgraph：Learn 索引中未找到
[跳过] u_isblank：Learn 索引中未找到
[跳过] u_isdefined：Learn 索引中未找到
[跳过] u_isspace：Learn 索引中未找到
[跳过] u_isJavaSpaceChar：Learn 索引中未找到
[跳过] u_isWhitespace：Learn 索引中未找到
[跳过] u_iscntrl：Learn 索引中未找到
[跳过] u_isISOControl：Learn 索引中未找到
[跳过] u_isprint：Learn 索引中未找到
[跳过] u_isbase：Learn 索引中未找到
[跳过] u_charDirection：Learn 索引中未找到
[跳过] u_isMirrored：Learn 索引中未找到
[跳过] u_charMirror：Learn 索引中未找到
[跳过] u_getBidiPairedBracket：Learn 索引中未找到
[跳过] u_charType：Learn 索引中未找到
[跳过] u_enumCharTypes：Learn 索引中未找到
[跳过] u_getCombiningClass：Learn 索引中未找到
[跳过] u_charDigitValue：Learn 索引中未找到
[跳过] ublock_getCode：Learn 索引中未找到
[跳过] u_charName：Learn 索引中未找到
[跳过] u_charFromName：Learn 索引中未找到
[跳过] u_enumCharNames：Learn 索引中未找到
[跳过] u_getPropertyName：Learn 索引中未找到
[跳过] u_getPropertyEnum：Learn 索引中未找到
[跳过] u_getPropertyValueName：Learn 索引中未找到
[跳过] u_getPropertyValueEnum：Learn 索引中未找到
[跳过] u_isIDStart：Learn 索引中未找到
[跳过] u_isIDPart：Learn 索引中未找到
[跳过] u_isIDIgnorable：Learn 索引中未找到
[跳过] u_isJavaIDStart：Learn 索引中未找到
[跳过] u_isJavaIDPart：Learn 索引中未找到
[跳过] u_tolower：Learn 索引中未找到
[跳过] u_toupper：Learn 索引中未找到
[跳过] u_totitle：Learn 索引中未找到
[跳过] u_foldCase：Learn 索引中未找到
[跳过] u_digit：Learn 索引中未找到
[跳过] u_forDigit：Learn 索引中未找到
[跳过] u_charAge：Learn 索引中未找到
[跳过] u_getUnicodeVersion：Learn 索引中未找到
[跳过] u_getFC_NFKC_Closure：Learn 索引中未找到
[跳过] ubidi_open：Learn 索引中未找到
[跳过] ubidi_openSized：Learn 索引中未找到
[跳过] ubidi_close：Learn 索引中未找到
[跳过] ubidi_setInverse：Learn 索引中未找到
[跳过] ubidi_isInverse：Learn 索引中未找到
[跳过] ubidi_orderParagraphsLTR：Learn 索引中未找到
[跳过] ubidi_isOrderParagraphsLTR：Learn 索引中未找到
[跳过] ubidi_setReorderingMode：Learn 索引中未找到
[跳过] ubidi_getReorderingMode：Learn 索引中未找到
[跳过] ubidi_setReorderingOptions：Learn 索引中未找到
[跳过] ubidi_getReorderingOptions：Learn 索引中未找到
[跳过] ubidi_setContext：Learn 索引中未找到
[跳过] ubidi_setPara：Learn 索引中未找到
[跳过] ubidi_setLine：Learn 索引中未找到
[跳过] ubidi_getDirection：Learn 索引中未找到
[跳过] ubidi_getBaseDirection：Learn 索引中未找到
[跳过] ubidi_getText：Learn 索引中未找到
[跳过] ubidi_getLength：Learn 索引中未找到
[跳过] ubidi_getParaLevel：Learn 索引中未找到
[跳过] ubidi_countParagraphs：Learn 索引中未找到
[跳过] ubidi_getParagraph：Learn 索引中未找到
[跳过] ubidi_getParagraphByIndex：Learn 索引中未找到
[跳过] ubidi_getLevelAt：Learn 索引中未找到
[跳过] ubidi_getLevels：Learn 索引中未找到
[跳过] ubidi_getLogicalRun：Learn 索引中未找到
[跳过] ubidi_countRuns：Learn 索引中未找到
[跳过] ubidi_getVisualRun：Learn 索引中未找到
[跳过] ubidi_getVisualIndex：Learn 索引中未找到
[跳过] ubidi_getLogicalIndex：Learn 索引中未找到
[跳过] ubidi_getLogicalMap：Learn 索引中未找到
[跳过] ubidi_getVisualMap：Learn 索引中未找到
[跳过] ubidi_reorderLogical：Learn 索引中未找到
[跳过] ubidi_reorderVisual：Learn 索引中未找到
[跳过] ubidi_invertMap：Learn 索引中未找到
[跳过] ubidi_getProcessedLength：Learn 索引中未找到
[跳过] ubidi_getResultLength：Learn 索引中未找到
[跳过] ubidi_getCustomizedClass：Learn 索引中未找到
[跳过] ubidi_setClassCallback：Learn 索引中未找到
[跳过] ubidi_getClassCallback：Learn 索引中未找到
[跳过] ubidi_writeReordered：Learn 索引中未找到
[跳过] ubidi_writeReverse：Learn 索引中未找到
[跳过] ubiditransform_transform：Learn 索引中未找到
[跳过] ubiditransform_open：Learn 索引中未找到
[跳过] ubiditransform_close：Learn 索引中未找到
[跳过] utext_close：Learn 索引中未找到
[跳过] utext_openUTF8：Learn 索引中未找到
[跳过] utext_openUChars：Learn 索引中未找到
[跳过] utext_clone：Learn 索引中未找到
[跳过] utext_equals：Learn 索引中未找到
[跳过] utext_nativeLength：Learn 索引中未找到
[跳过] utext_isLengthExpensive：Learn 索引中未找到
[跳过] utext_char32At：Learn 索引中未找到
[跳过] utext_current32：Learn 索引中未找到
[跳过] utext_next32：Learn 索引中未找到
[跳过] utext_previous32：Learn 索引中未找到
[跳过] utext_next32From：Learn 索引中未找到
[跳过] utext_previous32From：Learn 索引中未找到
[跳过] utext_getNativeIndex：Learn 索引中未找到
[跳过] utext_setNativeIndex：Learn 索引中未找到
[跳过] utext_moveIndex32：Learn 索引中未找到
[跳过] utext_getPreviousNativeIndex：Learn 索引中未找到
[跳过] utext_extract：Learn 索引中未找到
[跳过] utext_isWritable：Learn 索引中未找到
[跳过] utext_hasMetaData：Learn 索引中未找到
[跳过] utext_replace：Learn 索引中未找到
[跳过] utext_copy：Learn 索引中未找到
[跳过] utext_freeze：Learn 索引中未找到
[跳过] utext_setup：Learn 索引中未找到
[跳过] uset_openEmpty：Learn 索引中未找到
[跳过] uset_open：Learn 索引中未找到
[跳过] uset_openPattern：Learn 索引中未找到
[跳过] uset_openPatternOptions：Learn 索引中未找到
[跳过] uset_close：Learn 索引中未找到
[跳过] uset_clone：Learn 索引中未找到
[跳过] uset_isFrozen：Learn 索引中未找到
[跳过] uset_freeze：Learn 索引中未找到
[跳过] uset_cloneAsThawed：Learn 索引中未找到
[跳过] uset_set：Learn 索引中未找到
[跳过] uset_applyPattern：Learn 索引中未找到
[跳过] uset_applyIntPropertyValue：Learn 索引中未找到
[跳过] uset_applyPropertyAlias：Learn 索引中未找到
[跳过] uset_resemblesPattern：Learn 索引中未找到
[跳过] uset_toPattern：Learn 索引中未找到
[跳过] uset_add：Learn 索引中未找到
[跳过] uset_addAll：Learn 索引中未找到
[跳过] uset_addRange：Learn 索引中未找到
[跳过] uset_addString：Learn 索引中未找到
[跳过] uset_addAllCodePoints：Learn 索引中未找到
[跳过] uset_remove：Learn 索引中未找到
[跳过] uset_removeRange：Learn 索引中未找到
[跳过] uset_removeString：Learn 索引中未找到
[跳过] uset_removeAll：Learn 索引中未找到
[跳过] uset_retain：Learn 索引中未找到
[跳过] uset_retainAll：Learn 索引中未找到
[跳过] uset_compact：Learn 索引中未找到
[跳过] uset_complement：Learn 索引中未找到
[跳过] uset_complementAll：Learn 索引中未找到
[跳过] uset_clear：Learn 索引中未找到
[跳过] uset_closeOver：Learn 索引中未找到
[跳过] uset_removeAllStrings：Learn 索引中未找到
[跳过] uset_isEmpty：Learn 索引中未找到
[跳过] uset_contains：Learn 索引中未找到
[跳过] uset_containsRange：Learn 索引中未找到
[跳过] uset_containsString：Learn 索引中未找到
[跳过] uset_indexOf：Learn 索引中未找到
[跳过] uset_charAt：Learn 索引中未找到
[跳过] uset_size：Learn 索引中未找到
[跳过] uset_getItemCount：Learn 索引中未找到
[跳过] uset_getItem：Learn 索引中未找到
[跳过] uset_containsAll：Learn 索引中未找到
[跳过] uset_containsAllCodePoints：Learn 索引中未找到
[跳过] uset_containsNone：Learn 索引中未找到
[跳过] uset_containsSome：Learn 索引中未找到
[跳过] uset_span：Learn 索引中未找到
[跳过] uset_spanBack：Learn 索引中未找到
[跳过] uset_spanUTF8：Learn 索引中未找到
[跳过] uset_spanBackUTF8：Learn 索引中未找到
[跳过] uset_equals：Learn 索引中未找到
[跳过] uset_serialize：Learn 索引中未找到
[跳过] uset_getSerializedSet：Learn 索引中未找到
[跳过] uset_setSerializedToOne：Learn 索引中未找到
[跳过] uset_serializedContains：Learn 索引中未找到
[跳过] uset_getSerializedRangeCount：Learn 索引中未找到
[跳过] uset_getSerializedRange：Learn 索引中未找到
[跳过] unorm2_getNFCInstance：Learn 索引中未找到
[跳过] unorm2_getNFDInstance：Learn 索引中未找到
[跳过] unorm2_getNFKCInstance：Learn 索引中未找到
[跳过] unorm2_getNFKDInstance：Learn 索引中未找到
[跳过] unorm2_getNFKCCasefoldInstance：Learn 索引中未找到
[跳过] unorm2_getInstance：Learn 索引中未找到
[跳过] unorm2_openFiltered：Learn 索引中未找到
[跳过] unorm2_close：Learn 索引中未找到
[跳过] unorm2_normalize：Learn 索引中未找到
[跳过] unorm2_normalizeSecondAndAppend：Learn 索引中未找到
[跳过] unorm2_append：Learn 索引中未找到
[跳过] unorm2_getDecomposition：Learn 索引中未找到
[跳过] unorm2_getRawDecomposition：Learn 索引中未找到
[跳过] unorm2_composePair：Learn 索引中未找到
[跳过] unorm2_getCombiningClass：Learn 索引中未找到
[跳过] unorm2_isNormalized：Learn 索引中未找到
[跳过] unorm2_quickCheck：Learn 索引中未找到
[跳过] unorm2_spanQuickCheckYes：Learn 索引中未找到
[跳过] unorm2_hasBoundaryBefore：Learn 索引中未找到
[跳过] unorm2_hasBoundaryAfter：Learn 索引中未找到
[跳过] unorm2_isInert：Learn 索引中未找到
[跳过] unorm_compare：Learn 索引中未找到
[跳过] ucnvsel_open：Learn 索引中未找到
[跳过] ucnvsel_close：Learn 索引中未找到
[跳过] ucnvsel_openFromSerialized：Learn 索引中未找到
[跳过] ucnvsel_serialize：Learn 索引中未找到
[跳过] ucnvsel_selectForString：Learn 索引中未找到
[跳过] ucnvsel_selectForUTF8：Learn 索引中未找到
[跳过] u_charsToUChars：Learn 索引中未找到
[跳过] u_UCharsToChars：Learn 索引中未找到
[跳过] u_strlen：Learn 索引中未找到
[跳过] u_countChar32：Learn 索引中未找到
[跳过] u_strHasMoreChar32Than：Learn 索引中未找到
[跳过] u_strcat：Learn 索引中未找到
[跳过] u_strncat：Learn 索引中未找到
[跳过] u_strstr：Learn 索引中未找到
[跳过] u_strFindFirst：Learn 索引中未找到
[跳过] u_strchr：Learn 索引中未找到
[跳过] u_strchr32：Learn 索引中未找到
[跳过] u_strrstr：Learn 索引中未找到
[跳过] u_strFindLast：Learn 索引中未找到
[跳过] u_strrchr：Learn 索引中未找到
[跳过] u_strrchr32：Learn 索引中未找到
[跳过] u_strpbrk：Learn 索引中未找到
[跳过] u_strcspn：Learn 索引中未找到
[跳过] u_strspn：Learn 索引中未找到
[跳过] u_strtok_r：Learn 索引中未找到
[跳过] u_strcmp：Learn 索引中未找到
[跳过] u_strcmpCodePointOrder：Learn 索引中未找到
[跳过] u_strCompare：Learn 索引中未找到
[跳过] u_strCompareIter：Learn 索引中未找到
[跳过] u_strCaseCompare：Learn 索引中未找到
[跳过] u_strncmp：Learn 索引中未找到
[跳过] u_strncmpCodePointOrder：Learn 索引中未找到
[跳过] u_strcasecmp：Learn 索引中未找到
[跳过] u_strncasecmp：Learn 索引中未找到
[跳过] u_memcasecmp：Learn 索引中未找到
[跳过] u_strcpy：Learn 索引中未找到
[跳过] u_strncpy：Learn 索引中未找到
[跳过] u_uastrcpy：Learn 索引中未找到
[跳过] u_uastrncpy：Learn 索引中未找到
[跳过] u_austrcpy：Learn 索引中未找到
[跳过] u_austrncpy：Learn 索引中未找到
[跳过] u_memcpy：Learn 索引中未找到
[跳过] u_memmove：Learn 索引中未找到
[跳过] u_memset：Learn 索引中未找到
[跳过] u_memcmp：Learn 索引中未找到
[跳过] u_memcmpCodePointOrder：Learn 索引中未找到
[跳过] u_memchr：Learn 索引中未找到
[跳过] u_memchr32：Learn 索引中未找到
[跳过] u_memrchr：Learn 索引中未找到
[跳过] u_memrchr32：Learn 索引中未找到
[跳过] u_unescape：Learn 索引中未找到
[跳过] u_unescapeAt：Learn 索引中未找到
[跳过] u_strToUpper：Learn 索引中未找到
[跳过] u_strToLower：Learn 索引中未找到
[跳过] u_strToTitle：Learn 索引中未找到
[跳过] u_strFoldCase：Learn 索引中未找到
[跳过] u_strToWCS：Learn 索引中未找到
[跳过] u_strFromWCS：Learn 索引中未找到
[跳过] u_strToUTF8：Learn 索引中未找到
[跳过] u_strFromUTF8：Learn 索引中未找到
[跳过] u_strToUTF8WithSub：Learn 索引中未找到
[跳过] u_strFromUTF8WithSub：Learn 索引中未找到
[跳过] u_strFromUTF8Lenient：Learn 索引中未找到
[跳过] u_strToUTF32：Learn 索引中未找到
[跳过] u_strFromUTF32：Learn 索引中未找到
[跳过] u_strToUTF32WithSub：Learn 索引中未找到
[跳过] u_strFromUTF32WithSub：Learn 索引中未找到
[跳过] u_strToJavaModifiedUTF8：Learn 索引中未找到
[跳过] u_strFromJavaModifiedUTF8WithSub：Learn 索引中未找到
[跳过] ucasemap_open：Learn 索引中未找到
[跳过] ucasemap_close：Learn 索引中未找到
[跳过] ucasemap_getLocale：Learn 索引中未找到
[跳过] ucasemap_getOptions：Learn 索引中未找到
[跳过] ucasemap_setLocale：Learn 索引中未找到
[跳过] ucasemap_setOptions：Learn 索引中未找到
[跳过] ucasemap_getBreakIterator：Learn 索引中未找到
[跳过] ucasemap_setBreakIterator：Learn 索引中未找到
[跳过] ucasemap_toTitle：Learn 索引中未找到
[跳过] ucasemap_utf8ToLower：Learn 索引中未找到
[跳过] ucasemap_utf8ToUpper：Learn 索引中未找到
[跳过] ucasemap_utf8ToTitle：Learn 索引中未找到
[跳过] ucasemap_utf8FoldCase：Learn 索引中未找到
[跳过] usprep_open：Learn 索引中未找到
[跳过] usprep_openByType：Learn 索引中未找到
[跳过] usprep_close：Learn 索引中未找到
[跳过] usprep_prepare：Learn 索引中未找到
[跳过] uidna_openUTS46：Learn 索引中未找到
[跳过] uidna_close：Learn 索引中未找到
[跳过] uidna_labelToASCII：Learn 索引中未找到
[跳过] uidna_labelToUnicode：Learn 索引中未找到
[跳过] uidna_nameToASCII：Learn 索引中未找到
[跳过] uidna_nameToUnicode：Learn 索引中未找到
[跳过] uidna_labelToASCII_UTF8：Learn 索引中未找到
[跳过] uidna_labelToUnicodeUTF8：Learn 索引中未找到
[跳过] uidna_nameToASCII_UTF8：Learn 索引中未找到
[跳过] uidna_nameToUnicodeUTF8：Learn 索引中未找到
[跳过] ubrk_open：Learn 索引中未找到
[跳过] ubrk_openRules：Learn 索引中未找到
[跳过] ubrk_openBinaryRules：Learn 索引中未找到
[跳过] ubrk_safeClone：Learn 索引中未找到
[跳过] ubrk_close：Learn 索引中未找到
[跳过] ubrk_setText：Learn 索引中未找到
[跳过] ubrk_setUText：Learn 索引中未找到
[跳过] ubrk_current：Learn 索引中未找到
[跳过] ubrk_next：Learn 索引中未找到
[跳过] ubrk_previous：Learn 索引中未找到
[跳过] ubrk_first：Learn 索引中未找到
[跳过] ubrk_last：Learn 索引中未找到
[跳过] ubrk_preceding：Learn 索引中未找到
[跳过] ubrk_following：Learn 索引中未找到
[跳过] ubrk_getAvailable：Learn 索引中未找到
[跳过] ubrk_countAvailable：Learn 索引中未找到
[跳过] ubrk_isBoundary：Learn 索引中未找到
[跳过] ubrk_getRuleStatus：Learn 索引中未找到
[跳过] ubrk_getRuleStatusVec：Learn 索引中未找到
[跳过] ubrk_getLocaleByType：Learn 索引中未找到
[跳过] ubrk_refreshUText：Learn 索引中未找到
[跳过] ubrk_getBinaryRules：Learn 索引中未找到
[跳过] u_getDataVersion：Learn 索引中未找到
[跳过] ucal_openTimeZoneIDEnumeration：Learn 索引中未找到
[跳过] ucal_openTimeZones：Learn 索引中未找到
[跳过] ucal_openCountryTimeZones：Learn 索引中未找到
[跳过] ucal_getDefaultTimeZone：Learn 索引中未找到
[跳过] ucal_setDefaultTimeZone：Learn 索引中未找到
[跳过] ucal_getHostTimeZone：Learn 索引中未找到
[跳过] ucal_getDSTSavings：Learn 索引中未找到
[跳过] ucal_getNow：Learn 索引中未找到
[跳过] ucal_open：Learn 索引中未找到
[跳过] ucal_close：Learn 索引中未找到
[跳过] ucal_clone：Learn 索引中未找到
[跳过] ucal_setTimeZone：Learn 索引中未找到
[跳过] ucal_getTimeZoneID：Learn 索引中未找到
[跳过] ucal_getTimeZoneDisplayName：Learn 索引中未找到
[跳过] ucal_inDaylightTime：Learn 索引中未找到
[跳过] ucal_setGregorianChange：Learn 索引中未找到
[跳过] ucal_getGregorianChange：Learn 索引中未找到
[跳过] ucal_getAttribute：Learn 索引中未找到
[跳过] ucal_setAttribute：Learn 索引中未找到
[跳过] ucal_getAvailable：Learn 索引中未找到
[跳过] ucal_countAvailable：Learn 索引中未找到
[跳过] ucal_getMillis：Learn 索引中未找到
[跳过] ucal_setMillis：Learn 索引中未找到
[跳过] ucal_setDate：Learn 索引中未找到
[跳过] ucal_setDateTime：Learn 索引中未找到
[跳过] ucal_equivalentTo：Learn 索引中未找到
[跳过] ucal_add：Learn 索引中未找到
[跳过] ucal_roll：Learn 索引中未找到
[跳过] ucal_get：Learn 索引中未找到
[跳过] ucal_set：Learn 索引中未找到
[跳过] ucal_isSet：Learn 索引中未找到
[跳过] ucal_clearField：Learn 索引中未找到
[跳过] ucal_clear：Learn 索引中未找到
[跳过] ucal_getLimit：Learn 索引中未找到
[跳过] ucal_getLocaleByType：Learn 索引中未找到
[跳过] ucal_getTZDataVersion：Learn 索引中未找到
[跳过] ucal_getCanonicalTimeZoneID：Learn 索引中未找到
[跳过] ucal_getType：Learn 索引中未找到
[跳过] ucal_getKeywordValuesForLocale：Learn 索引中未找到
[跳过] ucal_getDayOfWeekType：Learn 索引中未找到
[跳过] ucal_getWeekendTransition：Learn 索引中未找到
[跳过] ucal_isWeekend：Learn 索引中未找到
[跳过] ucal_getFieldDifference：Learn 索引中未找到
[跳过] ucal_getTimeZoneTransitionDate：Learn 索引中未找到
[跳过] ucal_getWindowsTimeZoneID：Learn 索引中未找到
[跳过] ucal_getTimeZoneIDForWindowsID：Learn 索引中未找到
[跳过] ucol_open：Learn 索引中未找到
[跳过] ucol_openRules：Learn 索引中未找到
[跳过] ucol_getContractionsAndExpansions：Learn 索引中未找到
[跳过] ucol_close：Learn 索引中未找到
[跳过] ucol_strcoll：Learn 索引中未找到
[跳过] ucol_strcollUTF8：Learn 索引中未找到
[跳过] ucol_greater：Learn 索引中未找到
[跳过] ucol_greaterOrEqual：Learn 索引中未找到
[跳过] ucol_equal：Learn 索引中未找到
[跳过] ucol_strcollIter：Learn 索引中未找到
[跳过] ucol_getStrength：Learn 索引中未找到
[跳过] ucol_setStrength：Learn 索引中未找到
[跳过] ucol_getReorderCodes：Learn 索引中未找到
[跳过] ucol_setReorderCodes：Learn 索引中未找到
[跳过] ucol_getEquivalentReorderCodes：Learn 索引中未找到
[跳过] ucol_getDisplayName：Learn 索引中未找到
[跳过] ucol_getAvailable：Learn 索引中未找到
[跳过] ucol_countAvailable：Learn 索引中未找到
[跳过] ucol_openAvailableLocales：Learn 索引中未找到
[跳过] ucol_getKeywords：Learn 索引中未找到
[跳过] ucol_getKeywordValues：Learn 索引中未找到
[跳过] ucol_getKeywordValuesForLocale：Learn 索引中未找到
[跳过] ucol_getFunctionalEquivalent：Learn 索引中未找到
[跳过] ucol_getRules：Learn 索引中未找到
[跳过] ucol_getSortKey：Learn 索引中未找到
[跳过] ucol_nextSortKeyPart：Learn 索引中未找到
[跳过] ucol_getBound：Learn 索引中未找到
[跳过] ucol_getVersion：Learn 索引中未找到
[跳过] ucol_getUCAVersion：Learn 索引中未找到
[跳过] ucol_mergeSortkeys：Learn 索引中未找到
[跳过] ucol_setAttribute：Learn 索引中未找到
[跳过] ucol_getAttribute：Learn 索引中未找到
[跳过] ucol_setMaxVariable：Learn 索引中未找到
[跳过] ucol_getMaxVariable：Learn 索引中未找到
[跳过] ucol_getVariableTop：Learn 索引中未找到
[跳过] ucol_safeClone：Learn 索引中未找到
[跳过] ucol_getRulesEx：Learn 索引中未找到
[跳过] ucol_getLocaleByType：Learn 索引中未找到
[跳过] ucol_getTailoredSet：Learn 索引中未找到
[跳过] ucol_cloneBinary：Learn 索引中未找到
[跳过] ucol_openBinary：Learn 索引中未找到
[跳过] ucol_openElements：Learn 索引中未找到
[跳过] ucol_keyHashCode：Learn 索引中未找到
[跳过] ucol_closeElements：Learn 索引中未找到
[跳过] ucol_reset：Learn 索引中未找到
[跳过] ucol_next：Learn 索引中未找到
[跳过] ucol_previous：Learn 索引中未找到
[跳过] ucol_getMaxExpansion：Learn 索引中未找到
[跳过] ucol_setText：Learn 索引中未找到
[跳过] ucol_getOffset：Learn 索引中未找到
[跳过] ucol_setOffset：Learn 索引中未找到
[跳过] ucol_primaryOrder：Learn 索引中未找到
[跳过] ucol_secondaryOrder：Learn 索引中未找到
[跳过] ucol_tertiaryOrder：Learn 索引中未找到
[跳过] ucsdet_open：Learn 索引中未找到
[跳过] ucsdet_close：Learn 索引中未找到
[跳过] ucsdet_setText：Learn 索引中未找到
[跳过] ucsdet_setDeclaredEncoding：Learn 索引中未找到
[跳过] ucsdet_detect：Learn 索引中未找到
[跳过] ucsdet_detectAll：Learn 索引中未找到
[跳过] ucsdet_getName：Learn 索引中未找到
[跳过] ucsdet_getConfidence：Learn 索引中未找到
[跳过] ucsdet_getLanguage：Learn 索引中未找到
[跳过] ucsdet_getUChars：Learn 索引中未找到
[跳过] ucsdet_getAllDetectableCharsets：Learn 索引中未找到
[跳过] ucsdet_isInputFilterEnabled：Learn 索引中未找到
[跳过] ucsdet_enableInputFilter：Learn 索引中未找到
[跳过] ufieldpositer_open：Learn 索引中未找到
[跳过] ufieldpositer_close：Learn 索引中未找到
[跳过] ufieldpositer_next：Learn 索引中未找到
[跳过] ufmt_open：Learn 索引中未找到
[跳过] ufmt_close：Learn 索引中未找到
[跳过] ufmt_getType：Learn 索引中未找到
[跳过] ufmt_isNumeric：Learn 索引中未找到
[跳过] ufmt_getDate：Learn 索引中未找到
[跳过] ufmt_getDouble：Learn 索引中未找到
[跳过] ufmt_getLong：Learn 索引中未找到
[跳过] ufmt_getInt64：Learn 索引中未找到
[跳过] ufmt_getObject：Learn 索引中未找到
[跳过] ufmt_getUChars：Learn 索引中未找到
[跳过] ufmt_getArrayLength：Learn 索引中未找到
[跳过] ufmt_getArrayItemByIndex：Learn 索引中未找到
[跳过] ufmt_getDecNumChars：Learn 索引中未找到
[跳过] ucfpos_open：Learn 索引中未找到
[跳过] ucfpos_reset：Learn 索引中未找到
[跳过] ucfpos_close：Learn 索引中未找到
[跳过] ucfpos_constrainCategory：Learn 索引中未找到
[跳过] ucfpos_constrainField：Learn 索引中未找到
[跳过] ucfpos_getCategory：Learn 索引中未找到
[跳过] ucfpos_getField：Learn 索引中未找到
[跳过] ucfpos_getIndexes：Learn 索引中未找到
[跳过] ucfpos_getInt64IterationContext：Learn 索引中未找到
[跳过] ucfpos_setInt64IterationContext：Learn 索引中未找到
[跳过] ucfpos_matchesField：Learn 索引中未找到
[跳过] ucfpos_setState：Learn 索引中未找到
[跳过] ufmtval_getString：Learn 索引中未找到
[跳过] ufmtval_nextPosition：Learn 索引中未找到
[跳过] udtitvfmt_open：Learn 索引中未找到
[跳过] udtitvfmt_close：Learn 索引中未找到
[跳过] udtitvfmt_openResult：Learn 索引中未找到
[跳过] udtitvfmt_resultAsValue：Learn 索引中未找到
[跳过] udtitvfmt_closeResult：Learn 索引中未找到
[跳过] udtitvfmt_format：Learn 索引中未找到
[跳过] ugender_getInstance：Learn 索引中未找到
[跳过] ugender_getListGender：Learn 索引中未找到
[跳过] ulistfmt_open：Learn 索引中未找到
[跳过] ulistfmt_openForType：Learn 索引中未找到
[跳过] ulistfmt_close：Learn 索引中未找到
[跳过] ulistfmt_openResult：Learn 索引中未找到
[跳过] ulistfmt_resultAsValue：Learn 索引中未找到
[跳过] ulistfmt_closeResult：Learn 索引中未找到
[跳过] ulistfmt_format：Learn 索引中未找到
[跳过] ulistfmt_formatStringsToResult：Learn 索引中未找到
[跳过] ulocdata_open：Learn 索引中未找到
[跳过] ulocdata_close：Learn 索引中未找到
[跳过] ulocdata_setNoSubstitute：Learn 索引中未找到
[跳过] ulocdata_getNoSubstitute：Learn 索引中未找到
[跳过] ulocdata_getExemplarSet：Learn 索引中未找到
[跳过] ulocdata_getDelimiter：Learn 索引中未找到
[跳过] ulocdata_getMeasurementSystem：Learn 索引中未找到
[跳过] ulocdata_getPaperSize：Learn 索引中未找到
[跳过] ulocdata_getCLDRVersion：Learn 索引中未找到
[跳过] ulocdata_getLocaleDisplayPattern：Learn 索引中未找到
[跳过] ulocdata_getLocaleSeparator：Learn 索引中未找到
[跳过] u_formatMessage：Learn 索引中未找到
[跳过] u_vformatMessage：Learn 索引中未找到
[跳过] u_parseMessage：Learn 索引中未找到
[跳过] u_vparseMessage：Learn 索引中未找到
[跳过] u_formatMessageWithError：Learn 索引中未找到
[跳过] u_vformatMessageWithError：Learn 索引中未找到
[跳过] u_parseMessageWithError：Learn 索引中未找到
[跳过] u_vparseMessageWithError：Learn 索引中未找到
[跳过] umsg_open：Learn 索引中未找到
[跳过] umsg_close：Learn 索引中未找到
[跳过] umsg_clone：Learn 索引中未找到
[跳过] umsg_setLocale：Learn 索引中未找到
[跳过] umsg_getLocale：Learn 索引中未找到
[跳过] umsg_applyPattern：Learn 索引中未找到
[跳过] umsg_toPattern：Learn 索引中未找到
[跳过] umsg_format：Learn 索引中未找到
[跳过] umsg_vformat：Learn 索引中未找到
[跳过] umsg_parse：Learn 索引中未找到
[跳过] umsg_vparse：Learn 索引中未找到
[跳过] umsg_autoQuoteApostrophe：Learn 索引中未找到
[跳过] unum_open：Learn 索引中未找到
[跳过] unum_close：Learn 索引中未找到
[跳过] unum_clone：Learn 索引中未找到
[跳过] unum_format：Learn 索引中未找到
[跳过] unum_formatInt64：Learn 索引中未找到
[跳过] unum_formatDouble：Learn 索引中未找到
[跳过] unum_formatDoubleForFields：Learn 索引中未找到
[跳过] unum_formatDecimal：Learn 索引中未找到
[跳过] unum_formatDoubleCurrency：Learn 索引中未找到
[跳过] unum_formatUFormattable：Learn 索引中未找到
[跳过] unum_parse：Learn 索引中未找到
[跳过] unum_parseInt64：Learn 索引中未找到
[跳过] unum_parseDouble：Learn 索引中未找到
[跳过] unum_parseDecimal：Learn 索引中未找到
[跳过] unum_parseDoubleCurrency：Learn 索引中未找到
[跳过] unum_parseToUFormattable：Learn 索引中未找到
[跳过] unum_applyPattern：Learn 索引中未找到
[跳过] unum_getAvailable：Learn 索引中未找到
[跳过] unum_countAvailable：Learn 索引中未找到
[跳过] unum_getAttribute：Learn 索引中未找到
[跳过] unum_setAttribute：Learn 索引中未找到
[跳过] unum_getDoubleAttribute：Learn 索引中未找到
[跳过] unum_setDoubleAttribute：Learn 索引中未找到
[跳过] unum_getTextAttribute：Learn 索引中未找到
[跳过] unum_setTextAttribute：Learn 索引中未找到
[跳过] unum_toPattern：Learn 索引中未找到
[跳过] unum_getSymbol：Learn 索引中未找到
[跳过] unum_setSymbol：Learn 索引中未找到
[跳过] unum_getLocaleByType：Learn 索引中未找到
[跳过] unum_setContext：Learn 索引中未找到
[跳过] unum_getContext：Learn 索引中未找到
[跳过] udat_toCalendarDateField：Learn 索引中未找到
[跳过] udat_open：Learn 索引中未找到
[跳过] udat_close：Learn 索引中未找到
[跳过] udat_getBooleanAttribute：Learn 索引中未找到
[跳过] udat_setBooleanAttribute：Learn 索引中未找到
[跳过] udat_clone：Learn 索引中未找到
[跳过] udat_format：Learn 索引中未找到
[跳过] udat_formatCalendar：Learn 索引中未找到
[跳过] udat_formatForFields：Learn 索引中未找到
[跳过] udat_formatCalendarForFields：Learn 索引中未找到
[跳过] udat_parse：Learn 索引中未找到
[跳过] udat_parseCalendar：Learn 索引中未找到
[跳过] udat_isLenient：Learn 索引中未找到
[跳过] udat_setLenient：Learn 索引中未找到
[跳过] udat_getCalendar：Learn 索引中未找到
[跳过] udat_setCalendar：Learn 索引中未找到
[跳过] udat_getNumberFormat：Learn 索引中未找到
[跳过] udat_getNumberFormatForField：Learn 索引中未找到
[跳过] udat_adoptNumberFormatForFields：Learn 索引中未找到
[跳过] udat_setNumberFormat：Learn 索引中未找到
[跳过] udat_adoptNumberFormat：Learn 索引中未找到
[跳过] udat_getAvailable：Learn 索引中未找到
[跳过] udat_countAvailable：Learn 索引中未找到
[跳过] udat_get2DigitYearStart：Learn 索引中未找到
[跳过] udat_set2DigitYearStart：Learn 索引中未找到
[跳过] udat_toPattern：Learn 索引中未找到
[跳过] udat_applyPattern：Learn 索引中未找到
[跳过] udat_getSymbols：Learn 索引中未找到
[跳过] udat_countSymbols：Learn 索引中未找到
[跳过] udat_setSymbols：Learn 索引中未找到
[跳过] udat_getLocaleByType：Learn 索引中未找到
[跳过] udat_setContext：Learn 索引中未找到
[跳过] udat_getContext：Learn 索引中未找到
[跳过] udatpg_open：Learn 索引中未找到
[跳过] udatpg_openEmpty：Learn 索引中未找到
[跳过] udatpg_close：Learn 索引中未找到
[跳过] udatpg_clone：Learn 索引中未找到
[跳过] udatpg_getBestPattern：Learn 索引中未找到
[跳过] udatpg_getBestPatternWithOptions：Learn 索引中未找到
[跳过] udatpg_getSkeleton：Learn 索引中未找到
[跳过] udatpg_getBaseSkeleton：Learn 索引中未找到
[跳过] udatpg_addPattern：Learn 索引中未找到
[跳过] udatpg_setAppendItemFormat：Learn 索引中未找到
[跳过] udatpg_getAppendItemFormat：Learn 索引中未找到
[跳过] udatpg_setAppendItemName：Learn 索引中未找到
[跳过] udatpg_getAppendItemName：Learn 索引中未找到
[跳过] udatpg_getFieldDisplayName：Learn 索引中未找到
[跳过] udatpg_setDateTimeFormat：Learn 索引中未找到
[跳过] udatpg_getDateTimeFormat：Learn 索引中未找到
[跳过] udatpg_setDecimal：Learn 索引中未找到
[跳过] udatpg_getDecimal：Learn 索引中未找到
[跳过] udatpg_replaceFieldTypes：Learn 索引中未找到
[跳过] udatpg_replaceFieldTypesWithOptions：Learn 索引中未找到
[跳过] udatpg_openSkeletons：Learn 索引中未找到
[跳过] udatpg_openBaseSkeletons：Learn 索引中未找到
[跳过] udatpg_getPatternForSkeleton：Learn 索引中未找到
[跳过] unumf_openForSkeletonAndLocale：Learn 索引中未找到
[跳过] unumf_openForSkeletonAndLocaleWithError：Learn 索引中未找到
[跳过] unumf_openResult：Learn 索引中未找到
[跳过] unumf_formatInt：Learn 索引中未找到
[跳过] unumf_formatDouble：Learn 索引中未找到
[跳过] unumf_formatDecimal：Learn 索引中未找到
[跳过] unumf_resultAsValue：Learn 索引中未找到
[跳过] unumf_resultToString：Learn 索引中未找到
[跳过] unumf_resultNextFieldPosition：Learn 索引中未找到
[跳过] unumf_resultGetAllFieldPositions：Learn 索引中未找到
[跳过] unumf_close：Learn 索引中未找到
[跳过] unumf_closeResult：Learn 索引中未找到
[跳过] unumsys_open：Learn 索引中未找到
[跳过] unumsys_openByName：Learn 索引中未找到
[跳过] unumsys_close：Learn 索引中未找到
[跳过] unumsys_openAvailableNames：Learn 索引中未找到
[跳过] unumsys_getName：Learn 索引中未找到
[跳过] unumsys_isAlgorithmic：Learn 索引中未找到
[跳过] unumsys_getRadix：Learn 索引中未找到
[跳过] unumsys_getDescription：Learn 索引中未找到
[跳过] uplrules_open：Learn 索引中未找到
[跳过] uplrules_openForType：Learn 索引中未找到
[跳过] uplrules_close：Learn 索引中未找到
[跳过] uplrules_select：Learn 索引中未找到
[跳过] uplrules_selectFormatted：Learn 索引中未找到
[跳过] uplrules_getKeywords：Learn 索引中未找到
[跳过] uregex_open：Learn 索引中未找到
[跳过] uregex_openUText：Learn 索引中未找到
[跳过] uregex_openC：Learn 索引中未找到
[跳过] uregex_close：Learn 索引中未找到
[跳过] uregex_clone：Learn 索引中未找到
[跳过] uregex_pattern：Learn 索引中未找到
[跳过] uregex_patternUText：Learn 索引中未找到
[跳过] uregex_flags：Learn 索引中未找到
[跳过] uregex_setText：Learn 索引中未找到
[跳过] uregex_setUText：Learn 索引中未找到
[跳过] uregex_getText：Learn 索引中未找到
[跳过] uregex_getUText：Learn 索引中未找到
[跳过] uregex_refreshUText：Learn 索引中未找到
[跳过] uregex_matches：Learn 索引中未找到
[跳过] uregex_matches64：Learn 索引中未找到
[跳过] uregex_lookingAt：Learn 索引中未找到
[跳过] uregex_lookingAt64：Learn 索引中未找到
[跳过] uregex_find：Learn 索引中未找到
[跳过] uregex_find64：Learn 索引中未找到
[跳过] uregex_findNext：Learn 索引中未找到
[跳过] uregex_groupCount：Learn 索引中未找到
[跳过] uregex_groupNumberFromName：Learn 索引中未找到
[跳过] uregex_groupNumberFromCName：Learn 索引中未找到
[跳过] uregex_group：Learn 索引中未找到
[跳过] uregex_groupUText：Learn 索引中未找到
[跳过] uregex_start：Learn 索引中未找到
[跳过] uregex_start64：Learn 索引中未找到
[跳过] uregex_end：Learn 索引中未找到
[跳过] uregex_end64：Learn 索引中未找到
[跳过] uregex_reset：Learn 索引中未找到
[跳过] uregex_reset64：Learn 索引中未找到
[跳过] uregex_setRegion：Learn 索引中未找到
[跳过] uregex_setRegion64：Learn 索引中未找到
[跳过] uregex_setRegionAndStart：Learn 索引中未找到
[跳过] uregex_regionStart：Learn 索引中未找到
[跳过] uregex_regionStart64：Learn 索引中未找到
[跳过] uregex_regionEnd：Learn 索引中未找到
[跳过] uregex_regionEnd64：Learn 索引中未找到
[跳过] uregex_hasTransparentBounds：Learn 索引中未找到
[跳过] uregex_useTransparentBounds：Learn 索引中未找到
[跳过] uregex_hasAnchoringBounds：Learn 索引中未找到
[跳过] uregex_useAnchoringBounds：Learn 索引中未找到
[跳过] uregex_hitEnd：Learn 索引中未找到
[跳过] uregex_requireEnd：Learn 索引中未找到
[跳过] uregex_replaceAll：Learn 索引中未找到
[跳过] uregex_replaceAllUText：Learn 索引中未找到
[跳过] uregex_replaceFirst：Learn 索引中未找到
[跳过] uregex_replaceFirstUText：Learn 索引中未找到
[跳过] uregex_appendReplacement：Learn 索引中未找到
[跳过] uregex_appendReplacementUText：Learn 索引中未找到
[跳过] uregex_appendTail：Learn 索引中未找到
[跳过] uregex_appendTailUText：Learn 索引中未找到
[跳过] uregex_split：Learn 索引中未找到
[跳过] uregex_splitUText：Learn 索引中未找到
[跳过] uregex_setTimeLimit：Learn 索引中未找到
[跳过] uregex_getTimeLimit：Learn 索引中未找到
[跳过] uregex_setStackLimit：Learn 索引中未找到
[跳过] uregex_getStackLimit：Learn 索引中未找到
[跳过] uregex_setMatchCallback：Learn 索引中未找到
[跳过] uregex_getMatchCallback：Learn 索引中未找到
[跳过] uregex_setFindProgressCallback：Learn 索引中未找到
[跳过] uregex_getFindProgressCallback：Learn 索引中未找到
[跳过] uregion_getRegionFromCode：Learn 索引中未找到
[跳过] uregion_getRegionFromNumericCode：Learn 索引中未找到
[跳过] uregion_getAvailable：Learn 索引中未找到
[跳过] uregion_areEqual：Learn 索引中未找到
[跳过] uregion_getContainingRegion：Learn 索引中未找到
[跳过] uregion_getContainingRegionOfType：Learn 索引中未找到
[跳过] uregion_getContainedRegions：Learn 索引中未找到
[跳过] uregion_getContainedRegionsOfType：Learn 索引中未找到
[跳过] uregion_contains：Learn 索引中未找到
[跳过] uregion_getPreferredValues：Learn 索引中未找到
[跳过] uregion_getRegionCode：Learn 索引中未找到
[跳过] uregion_getNumericCode：Learn 索引中未找到
[跳过] uregion_getType：Learn 索引中未找到
[跳过] ureldatefmt_open：Learn 索引中未找到
[跳过] ureldatefmt_close：Learn 索引中未找到
[跳过] ureldatefmt_openResult：Learn 索引中未找到
[跳过] ureldatefmt_resultAsValue：Learn 索引中未找到
[跳过] ureldatefmt_closeResult：Learn 索引中未找到
[跳过] ureldatefmt_formatNumeric：Learn 索引中未找到
[跳过] ureldatefmt_formatNumericToResult：Learn 索引中未找到
[跳过] ureldatefmt_format：Learn 索引中未找到
[跳过] ureldatefmt_formatToResult：Learn 索引中未找到
[跳过] ureldatefmt_combineDateAndTime：Learn 索引中未找到
[跳过] usearch_open：Learn 索引中未找到
[跳过] usearch_openFromCollator：Learn 索引中未找到
[跳过] usearch_close：Learn 索引中未找到
[跳过] usearch_setOffset：Learn 索引中未找到
[跳过] usearch_getOffset：Learn 索引中未找到
[跳过] usearch_setAttribute：Learn 索引中未找到
[跳过] usearch_getAttribute：Learn 索引中未找到
[跳过] usearch_getMatchedStart：Learn 索引中未找到
[跳过] usearch_getMatchedLength：Learn 索引中未找到
[跳过] usearch_getMatchedText：Learn 索引中未找到
[跳过] usearch_setBreakIterator：Learn 索引中未找到
[跳过] usearch_getBreakIterator：Learn 索引中未找到
[跳过] usearch_setText：Learn 索引中未找到
[跳过] usearch_getText：Learn 索引中未找到
[跳过] usearch_getCollator：Learn 索引中未找到
[跳过] usearch_setCollator：Learn 索引中未找到
[跳过] usearch_setPattern：Learn 索引中未找到
[跳过] usearch_getPattern：Learn 索引中未找到
[跳过] usearch_first：Learn 索引中未找到
[跳过] usearch_following：Learn 索引中未找到
[跳过] usearch_last：Learn 索引中未找到
[跳过] usearch_preceding：Learn 索引中未找到
[跳过] usearch_next：Learn 索引中未找到
[跳过] usearch_previous：Learn 索引中未找到
[跳过] usearch_reset：Learn 索引中未找到
[跳过] uspoof_open：Learn 索引中未找到
[跳过] uspoof_openFromSerialized：Learn 索引中未找到
[跳过] uspoof_openFromSource：Learn 索引中未找到
[跳过] uspoof_close：Learn 索引中未找到
[跳过] uspoof_clone：Learn 索引中未找到
[跳过] uspoof_setChecks：Learn 索引中未找到
[跳过] uspoof_getChecks：Learn 索引中未找到
[跳过] uspoof_setRestrictionLevel：Learn 索引中未找到
[跳过] uspoof_getRestrictionLevel：Learn 索引中未找到
[跳过] uspoof_setAllowedLocales：Learn 索引中未找到
[跳过] uspoof_getAllowedLocales：Learn 索引中未找到
[跳过] uspoof_setAllowedChars：Learn 索引中未找到
[跳过] uspoof_getAllowedChars：Learn 索引中未找到
[跳过] uspoof_check：Learn 索引中未找到
[跳过] uspoof_checkUTF8：Learn 索引中未找到
[跳过] uspoof_check2：Learn 索引中未找到
[跳过] uspoof_check2UTF8：Learn 索引中未找到
[跳过] uspoof_openCheckResult：Learn 索引中未找到
[跳过] uspoof_closeCheckResult：Learn 索引中未找到
[跳过] uspoof_getCheckResultChecks：Learn 索引中未找到
[跳过] uspoof_getCheckResultRestrictionLevel：Learn 索引中未找到
[跳过] uspoof_getCheckResultNumerics：Learn 索引中未找到
[跳过] uspoof_areConfusable：Learn 索引中未找到
[跳过] uspoof_areConfusableUTF8：Learn 索引中未找到
[跳过] uspoof_getSkeleton：Learn 索引中未找到
[跳过] uspoof_getSkeletonUTF8：Learn 索引中未找到
[跳过] uspoof_getInclusionSet：Learn 索引中未找到
[跳过] uspoof_getRecommendedSet：Learn 索引中未找到
[跳过] uspoof_serialize：Learn 索引中未找到
[跳过] utmscale_getTimeScaleValue：Learn 索引中未找到
[跳过] utmscale_fromInt64：Learn 索引中未找到
[跳过] utmscale_toInt64：Learn 索引中未找到
[跳过] utrans_openU：Learn 索引中未找到
[跳过] utrans_openInverse：Learn 索引中未找到
[跳过] utrans_clone：Learn 索引中未找到
[跳过] utrans_close：Learn 索引中未找到
[跳过] utrans_getUnicodeID：Learn 索引中未找到
[跳过] utrans_register：Learn 索引中未找到
[跳过] utrans_unregisterID：Learn 索引中未找到
[跳过] utrans_setFilter：Learn 索引中未找到
[跳过] utrans_countAvailableIDs：Learn 索引中未找到
[跳过] utrans_openIDs：Learn 索引中未找到
[跳过] utrans_trans：Learn 索引中未找到
[跳过] utrans_transIncremental：Learn 索引中未找到
[跳过] utrans_transUChars：Learn 索引中未找到
[跳过] utrans_transIncrementalUChars：Learn 索引中未找到
[跳过] utrans_toRules：Learn 索引中未找到
[跳过] utrans_getSourceSet：Learn 索引中未找到

完成：处理 0，跳过(已存在) 0，索引缺失 1025，失败 0
