从索引缓存读取（index_cache.tsv）
清单：共 17148 个 API
筛选后待处理：16 个
[写入] NdfCreateIncident（4 条文档条目）
[写入] NdfCreateWinSockIncident（4 条文档条目）
[写入] NdfCreateWebIncident（4 条文档条目）
[写入] NdfCreateWebIncidentEx（4 条文档条目）
[写入] NdfCreateSharingIncident（4 条文档条目）
[写入] NdfCreateDNSIncident（4 条文档条目）
[写入] NdfCreateConnectivityIncident（4 条文档条目）
[写入] NdfCreateNetConnectionIncident（4 条文档条目）
[写入] NdfCreatePnrpIncident（5 条文档条目）
[写入] NdfCreateGroupingIncident（5 条文档条目）
[写入] NdfExecuteDiagnosis（4 条文档条目）
[写入] NdfCloseIncident（4 条文档条目）
[写入] NdfDiagnoseIncident（5 条文档条目）
[写入] NdfRepairIncident（5 条文档条目）
[写入] NdfCancelIncident（5 条文档条目）
[写入] NdfGetTraceFile（5 条文档条目）

完成：处理 16，跳过(已存在) 0，索引缺失 0，失败 0
