从索引缓存读取（index_cache.tsv）
清单：共 17148 个 API
筛选后待处理：120 个
[跳过] InitializeClusterHealthFault：Learn 索引中未找到
[跳过] InitializeClusterHealthFaultArray：Learn 索引中未找到
[跳过] FreeClusterHealthFault：Learn 索引中未找到
[跳过] FreeClusterHealthFaultArray：Learn 索引中未找到
[跳过] ClusGetClusterHealthFaults：Learn 索引中未找到
[跳过] ClusRemoveClusterHealthFault：Learn 索引中未找到
[跳过] ClusAddClusterHealthFault：Learn 索引中未找到
[跳过] ResUtilStartResourceService：Learn 索引中未找到
[跳过] ResUtilVerifyResourceService：Learn 索引中未找到
[跳过] ResUtilStopResourceService：Learn 索引中未找到
[跳过] ResUtilVerifyService：Learn 索引中未找到
[跳过] ResUtilStopService：Learn 索引中未找到
[跳过] ResUtilCreateDirectoryTree：Learn 索引中未找到
[跳过] ResUtilIsPathValid：Learn 索引中未找到
[跳过] ResUtilEnumProperties：Learn 索引中未找到
[跳过] ResUtilEnumPrivateProperties：Learn 索引中未找到
[跳过] ResUtilGetProperties：Learn 索引中未找到
[跳过] ResUtilGetAllProperties：Learn 索引中未找到
[跳过] ResUtilGetPrivateProperties：Learn 索引中未找到
[跳过] ResUtilGetPropertySize：Learn 索引中未找到
[跳过] ResUtilGetProperty：Learn 索引中未找到
[跳过] ResUtilVerifyPropertyTable：Learn 索引中未找到
[跳过] ResUtilSetPropertyTable：Learn 索引中未找到
[跳过] ResUtilSetPropertyTableEx：Learn 索引中未找到
[跳过] ResUtilSetPropertyParameterBlock：Learn 索引中未找到
[跳过] ResUtilSetPropertyParameterBlockEx：Learn 索引中未找到
[跳过] ResUtilSetUnknownProperties：Learn 索引中未找到
[跳过] ResUtilGetPropertiesToParameterBlock：Learn 索引中未找到
[跳过] ResUtilPropertyListFromParameterBlock：Learn 索引中未找到
[跳过] ResUtilDupParameterBlock：Learn 索引中未找到
[跳过] ResUtilFreeParameterBlock：Learn 索引中未找到
[跳过] ResUtilAddUnknownProperties：Learn 索引中未找到
[跳过] ResUtilSetPrivatePropertyList：Learn 索引中未找到
[跳过] ResUtilVerifyPrivatePropertyList：Learn 索引中未找到
[跳过] ResUtilDupString：Learn 索引中未找到
[跳过] ResUtilGetBinaryValue：Learn 索引中未找到
[跳过] ResUtilGetSzValue：Learn 索引中未找到
[跳过] ResUtilGetDwordValue：Learn 索引中未找到
[跳过] ResUtilGetQwordValue：Learn 索引中未找到
[跳过] ResUtilSetBinaryValue：Learn 索引中未找到
[跳过] ResUtilSetSzValue：Learn 索引中未找到
[跳过] ResUtilSetExpandSzValue：Learn 索引中未找到
[跳过] ResUtilSetMultiSzValue：Learn 索引中未找到
[跳过] ResUtilSetDwordValue：Learn 索引中未找到
[跳过] ResUtilSetQwordValue：Learn 索引中未找到
[跳过] ResUtilSetValueEx：Learn 索引中未找到
[跳过] ResUtilGetBinaryProperty：Learn 索引中未找到
[跳过] ResUtilGetSzProperty：Learn 索引中未找到
[跳过] ResUtilGetMultiSzProperty：Learn 索引中未找到
[跳过] ResUtilGetDwordProperty：Learn 索引中未找到
[跳过] ResUtilGetLongProperty：Learn 索引中未找到
[跳过] ResUtilGetFileTimeProperty：Learn 索引中未找到
[跳过] ResUtilGetEnvironmentWithNetName：Learn 索引中未找到
[跳过] ResUtilFreeEnvironment：Learn 索引中未找到
[跳过] ResUtilExpandEnvironmentStrings：Learn 索引中未找到
[跳过] ResUtilSetResourceServiceEnvironment：Learn 索引中未找到
[跳过] ResUtilRemoveResourceServiceEnvironment：Learn 索引中未找到
[跳过] ResUtilSetResourceServiceStartParameters：Learn 索引中未找到
[跳过] ResUtilFindSzProperty：Learn 索引中未找到
[跳过] ResUtilFindExpandSzProperty：Learn 索引中未找到
[跳过] ResUtilFindExpandedSzProperty：Learn 索引中未找到
[跳过] ResUtilFindDwordProperty：Learn 索引中未找到
[跳过] ResUtilFindBinaryProperty：Learn 索引中未找到
[跳过] ResUtilFindMultiSzProperty：Learn 索引中未找到
[跳过] ResUtilFindLongProperty：Learn 索引中未找到
[跳过] ResUtilFindULargeIntegerProperty：Learn 索引中未找到
[跳过] ResUtilFindFileTimeProperty：Learn 索引中未找到
[跳过] ClusWorkerCreate：Learn 索引中未找到
[跳过] ClusWorkerCheckTerminate：Learn 索引中未找到
[跳过] ClusWorkerTerminate：Learn 索引中未找到
[跳过] ClusWorkerTerminateEx：Learn 索引中未找到
[跳过] ClusWorkersTerminate：Learn 索引中未找到
[跳过] ResUtilResourcesEqual：Learn 索引中未找到
[跳过] ResUtilResourceTypesEqual：Learn 索引中未找到
[跳过] ResUtilIsResourceClassEqual：Learn 索引中未找到
[跳过] ResUtilEnumResources：Learn 索引中未找到
[跳过] ResUtilEnumResourcesEx：Learn 索引中未找到
[跳过] ResUtilGetResourceDependency：Learn 索引中未找到
[跳过] ResUtilGetResourceDependencyByName：Learn 索引中未找到
[跳过] ResUtilGetResourceDependencyByClass：Learn 索引中未找到
[跳过] ResUtilGetResourceNameDependency：Learn 索引中未找到
[跳过] ResUtilGetResourceDependentIPAddressProps：Learn 索引中未找到
[跳过] ResUtilFindDependentDiskResourceDriveLetter：Learn 索引中未找到
[跳过] ResUtilTerminateServiceProcessFromResDll：Learn 索引中未找到
[跳过] ResUtilGetPropertyFormats：Learn 索引中未找到
[跳过] ResUtilGetCoreClusterResources：Learn 索引中未找到
[跳过] ResUtilGetResourceName：Learn 索引中未找到
[跳过] ResUtilGetClusterRoleState：Learn 索引中未找到
[跳过] ClusterIsPathOnSharedVolume：Learn 索引中未找到
[跳过] ClusterGetVolumePathName：Learn 索引中未找到
[跳过] ClusterGetVolumeNameForVolumeMountPoint：Learn 索引中未找到
[跳过] ClusterPrepareSharedVolumeForBackup：Learn 索引中未找到
[跳过] ClusterClearBackupStateForSharedVolume：Learn 索引中未找到
[跳过] ResUtilSetResourceServiceStartParametersEx：Learn 索引中未找到
[跳过] ResUtilEnumResourcesEx2：Learn 索引中未找到
[跳过] ResUtilGetResourceDependencyEx：Learn 索引中未找到
[跳过] ResUtilGetResourceDependencyByNameEx：Learn 索引中未找到
[跳过] ResUtilGetResourceDependencyByClassEx：Learn 索引中未找到
[跳过] ResUtilGetResourceNameDependencyEx：Learn 索引中未找到
[跳过] ResUtilGetCoreClusterResourcesEx：Learn 索引中未找到
[跳过] OpenClusterCryptProvider：Learn 索引中未找到
[跳过] OpenClusterCryptProviderEx：Learn 索引中未找到
[跳过] CloseClusterCryptProvider：Learn 索引中未找到
[跳过] ClusterEncrypt：Learn 索引中未找到
[跳过] ClusterDecrypt：Learn 索引中未找到
[跳过] FreeClusterCrypt：Learn 索引中未找到
[跳过] ResUtilVerifyShutdownSafe：Learn 索引中未找到
[跳过] ResUtilPaxosComparer：Learn 索引中未找到
[跳过] ResUtilLeftPaxosIsLessThanRight：Learn 索引中未找到
[跳过] ResUtilsDeleteKeyTree：Learn 索引中未找到
[跳过] ResUtilGroupsEqual：Learn 索引中未找到
[跳过] ResUtilEnumGroups：Learn 索引中未找到
[跳过] ResUtilEnumGroupsEx：Learn 索引中未找到
[跳过] ResUtilDupGroup：Learn 索引中未找到
[跳过] ResUtilGetClusterGroupType：Learn 索引中未找到
[跳过] ResUtilGetCoreGroup：Learn 索引中未找到
[跳过] ResUtilResourceDepEnum：Learn 索引中未找到
[跳过] ResUtilDupResource：Learn 索引中未找到
[跳过] ResUtilGetClusterId：Learn 索引中未找到
[跳过] ResUtilNodeEnum：Learn 索引中未找到

完成：处理 0，跳过(已存在) 0，索引缺失 120，失败 0
